----------------------------------------
Exception occurred during processing of request from ('127.0.0.1', 2095)
Traceback (most recent call last):
----------------------------------------
  File "C:\Users\shubhak16\AppData\Local\Programs\Python\Python314\Lib\socketserver.py", line 697, in process_request_thread
    self.finish_request(request, client_address)
    ~~~~~~~~~~~~~~~~~~~^^^^^^^^^^^^^^^^^^^^^^^^^
Exception occurred during processing of request from ('127.0.0.1', 1686)
Traceback (most recent call last):
  File "C:\Users\shubhak16\AppData\Local\Programs\Python\Python314\Lib\socketserver.py", line 362, in finish_request
    self.RequestHandlerClass(request, client_address, self)
    ~~~~~~~~~~~~~~~~~~~~~~~~^^^^^^^^^^^^^^^^^^^^^^^^^^^^^^^
  File "C:\Users\shubhak16\AppData\Local\Programs\Python\Python314\Lib\socketserver.py", line 766, in __init__
    self.handle()
    ~~~~~~~~~~~^^
  File "C:\Users\shubhak16\AppData\Local\Programs\Python\Python314\Lib\http\server.py", line 485, in handle
    self.handle_one_request()
    ~~~~~~~~~~~~~~~~~~~~~~~^^
  File "C:\Users\shubhak16\AppData\Local\Programs\Python\Python314\Lib\socketserver.py", line 697, in process_request_thread
    self.finish_request(request, client_address)
    ~~~~~~~~~~~~~~~~~~~^^^^^^^^^^^^^^^^^^^^^^^^^
  File "C:\Users\shubhak16\AppData\Local\Programs\Python\Python314\Lib\http\server.py", line 473, in handle_one_request
    method()
    ~~~~~~^^
  File "C:\Users\shubhak16\AppData\Local\Programs\Python\Python314\Lib\socketserver.py", line 362, in finish_request
    self.RequestHandlerClass(request, client_address, self)
    ~~~~~~~~~~~~~~~~~~~~~~~~^^^^^^^^^^^^^^^^^^^^^^^^^^^^^^^
  File "C:\Users\shubhak16\OneDrive - AMDOCS\Desktop\Project\fetchJobsForMe\backend\Server\server.py", line 961, in do_GET
  File "C:\Users\shubhak16\OneDrive - AMDOCS\Desktop\Project\fetchJobsForMe\backend\Server\server.py", line 978, in _send_json
  File "C:\Users\shubhak16\AppData\Local\Programs\Python\Python314\Lib\socketserver.py", line 766, in __init__
    self.handle()
    ~~~~~~~~~~~^^
  File "C:\Users\shubhak16\AppData\Local\Programs\Python\Python314\Lib\socketserver.py", line 845, in write
    self._sock.sendall(b)
    ~~~~~~~~~~~~~~~~~~^^^
ConnectionAbortedError: [WinError 10053] An established connection was aborted by the software in your host machine
  File "C:\Users\shubhak16\AppData\Local\Programs\Python\Python314\Lib\http\server.py", line 485, in handle
    self.handle_one_request()
    ~~~~~~~~~~~~~~~~~~~~~~~^^
----------------------------------------
  File "C:\Users\shubhak16\AppData\Local\Programs\Python\Python314\Lib\http\server.py", line 473, in handle_one_request
    method()
    ~~~~~~^^
  File "C:\Users\shubhak16\OneDrive - AMDOCS\Desktop\Project\fetchJobsForMe\backend\Server\server.py", line 961, in do_GET
  File "C:\Users\shubhak16\OneDrive - AMDOCS\Desktop\Project\fetchJobsForMe\backend\Server\server.py", line 978, in _send_json
  File "C:\Users\shubhak16\AppData\Local\Programs\Python\Python314\Lib\socketserver.py", line 845, in write
    self._sock.sendall(b)
    ~~~~~~~~~~~~~~~~~~^^^
ConnectionAbortedError: [WinError 10053] An established connection was aborted by the software in your host machine
----------------------------------------
----------------------------------------
Exception occurred during processing of request from ('127.0.0.1', 3324)
Traceback (most recent call last):
  File "C:\Users\shubhak16\AppData\Local\Programs\Python\Python314\Lib\socketserver.py", line 697, in process_request_thread
    self.finish_request(request, client_address)
    ~~~~~~~~~~~~~~~~~~~^^^^^^^^^^^^^^^^^^^^^^^^^
  File "C:\Users\shubhak16\AppData\Local\Programs\Python\Python314\Lib\socketserver.py", line 362, in finish_request
    self.RequestHandlerClass(request, client_address, self)
    ~~~~~~~~~~~~~~~~~~~~~~~~^^^^^^^^^^^^^^^^^^^^^^^^^^^^^^^
  File "C:\Users\shubhak16\AppData\Local\Programs\Python\Python314\Lib\socketserver.py", line 766, in __init__
    self.handle()
    ~~~~~~~~~~~^^
  File "C:\Users\shubhak16\AppData\Local\Programs\Python\Python314\Lib\http\server.py", line 485, in handle
    self.handle_one_request()
    ~~~~~~~~~~~~~~~~~~~~~~~^^
  File "C:\Users\shubhak16\AppData\Local\Programs\Python\Python314\Lib\http\server.py", line 473, in handle_one_request
    method()
    ~~~~~~^^
  File "C:\Users\shubhak16\OneDrive - AMDOCS\Desktop\Project\fetchJobsForMe\backend\Server\server.py", line 961, in do_GET
  File "C:\Users\shubhak16\OneDrive - AMDOCS\Desktop\Project\fetchJobsForMe\backend\Server\server.py", line 978, in _send_json
  File "C:\Users\shubhak16\AppData\Local\Programs\Python\Python314\Lib\socketserver.py", line 845, in write
    self._sock.sendall(b)
    ~~~~~~~~~~~~~~~~~~^^^
ConnectionAbortedError: [WinError 10053] An established connection was aborted by the software in your host machine
----------------------------------------
----------------------------------------
Exception occurred during processing of request from ('127.0.0.1', 2359)
Traceback (most recent call last):
  File "C:\Users\shubhak16\AppData\Local\Programs\Python\Python314\Lib\socketserver.py", line 697, in process_request_thread
    self.finish_request(request, client_address)
    ~~~~~~~~~~~~~~~~~~~^^^^^^^^^^^^^^^^^^^^^^^^^
  File "C:\Users\shubhak16\AppData\Local\Programs\Python\Python314\Lib\socketserver.py", line 362, in finish_request
    self.RequestHandlerClass(request, client_address, self)
    ~~~~~~~~~~~~~~~~~~~~~~~~^^^^^^^^^^^^^^^^^^^^^^^^^^^^^^^
  File "C:\Users\shubhak16\AppData\Local\Programs\Python\Python314\Lib\socketserver.py", line 766, in __init__
    self.handle()
    ~~~~~~~~~~~^^
  File "C:\Users\shubhak16\AppData\Local\Programs\Python\Python314\Lib\http\server.py", line 485, in handle
    self.handle_one_request()
    ~~~~~~~~~~~~~~~~~~~~~~~^^
  File "C:\Users\shubhak16\AppData\Local\Programs\Python\Python314\Lib\http\server.py", line 473, in handle_one_request
    method()
    ~~~~~~^^
  File "C:\Users\shubhak16\OneDrive - AMDOCS\Desktop\Project\fetchJobsForMe\backend\Server\server.py", line 961, in do_GET
  File "C:\Users\shubhak16\OneDrive - AMDOCS\Desktop\Project\fetchJobsForMe\backend\Server\server.py", line 978, in _send_json
  File "C:\Users\shubhak16\AppData\Local\Programs\Python\Python314\Lib\socketserver.py", line 845, in write
    self._sock.sendall(b)
    ~~~~~~~~~~~~~~~~~~^^^
ConnectionAbortedError: [WinError 10053] An established connection was aborted by the software in your host machine
----------------------------------------
----------------------------------------
Exception occurred during processing of request from ('127.0.0.1', 3664)
Traceback (most recent call last):
  File "C:\Users\shubhak16\AppData\Local\Programs\Python\Python314\Lib\socketserver.py", line 697, in process_request_thread
    self.finish_request(request, client_address)
    ~~~~~~~~~~~~~~~~~~~^^^^^^^^^^^^^^^^^^^^^^^^^
  File "C:\Users\shubhak16\AppData\Local\Programs\Python\Python314\Lib\socketserver.py", line 362, in finish_request
    self.RequestHandlerClass(request, client_address, self)
    ~~~~~~~~~~~~~~~~~~~~~~~~^^^^^^^^^^^^^^^^^^^^^^^^^^^^^^^
  File "C:\Users\shubhak16\AppData\Local\Programs\Python\Python314\Lib\socketserver.py", line 766, in __init__
    self.handle()
    ~~~~~~~~~~~^^
  File "C:\Users\shubhak16\AppData\Local\Programs\Python\Python314\Lib\http\server.py", line 485, in handle
    self.handle_one_request()
    ~~~~~~~~~~~~~~~~~~~~~~~^^
  File "C:\Users\shubhak16\AppData\Local\Programs\Python\Python314\Lib\http\server.py", line 473, in handle_one_request
    method()
    ~~~~~~^^
  File "C:\Users\shubhak16\OneDrive - AMDOCS\Desktop\Project\fetchJobsForMe\backend\Server\server.py", line 961, in do_GET
  File "C:\Users\shubhak16\OneDrive - AMDOCS\Desktop\Project\fetchJobsForMe\backend\Server\server.py", line 978, in _send_json
  File "C:\Users\shubhak16\AppData\Local\Programs\Python\Python314\Lib\socketserver.py", line 845, in write
    self._sock.sendall(b)
    ~~~~~~~~~~~~~~~~~~^^^
ConnectionAbortedError: [WinError 10053] An established connection was aborted by the software in your host machine
----------------------------------------
